2023-10-07 22:10:33 INFO: Test message 1 java.lang.ClassNotFoundException: Errorjava.lang.ClassNotFoundException: Error
	at depaul.edu.Tests.LogTest.main(LogTest.java:12)
2023-10-07 22:10:33 WARNING: Test message 2 java.lang.ArithmeticException: / by zerojava.lang.ArithmeticException: / by zero
	at depaul.edu.Tests.LogTest.testFunction1(LogTest.java:43)
	at depaul.edu.Tests.LogTest.main(LogTest.java:19)
2023-10-07 22:10:33 SEVERE: Test message 3 java.lang.StringIndexOutOfBoundsException: Range [6, 10) out of bounds for length 3java.lang.StringIndexOutOfBoundsException: Range [6, 10) out of bounds for length 3
	at java.base/jdk.internal.util.Preconditions$1.apply(Preconditions.java:55)
	at java.base/jdk.internal.util.Preconditions$1.apply(Preconditions.java:52)
	at java.base/jdk.internal.util.Preconditions$4.apply(Preconditions.java:213)
	at java.base/jdk.internal.util.Preconditions$4.apply(Preconditions.java:210)
	at java.base/jdk.internal.util.Preconditions.outOfBounds(Preconditions.java:98)
	at java.base/jdk.internal.util.Preconditions.outOfBoundsCheckFromToIndex(Preconditions.java:112)
	at java.base/jdk.internal.util.Preconditions.checkFromToIndex(Preconditions.java:349)
	at java.base/java.lang.String.checkBoundsBeginEnd(String.java:4608)
	at java.base/java.lang.String.substring(String.java:2720)
	at depaul.edu.Tests.LogTest.testFunction2(LogTest.java:47)
	at depaul.edu.Tests.LogTest.main(LogTest.java:26)
2023-10-07 22:10:33 TRANSACTION: Test message 4 java.sql.SQLException: No suitable driver found for jdbc:myDriver:myDatabasejava.sql.SQLException: No suitable driver found for jdbc:myDriver:myDatabase
	at java.sql/java.sql.DriverManager.getConnection(DriverManager.java:708)
	at java.sql/java.sql.DriverManager.getConnection(DriverManager.java:230)
	at depaul.edu.Tests.LogTest.main(LogTest.java:33)
